###############################################################################
#
# IAR ELF Linker V8.40.2.214/W32 for ARM                  06/Mar/2021  19:08:37
# Copyright 2007-2019 IAR Systems AB.
#
#    Output file  =
#        C:\Users\Николаос\Documents\MyIARprojects\Kprojet9\Debug\Exe\lab4.out
#    Map file     =
#        C:\Users\Николаос\Documents\MyIARprojects\Kprojet9\Debug\List\lab4.map
#    Command line =
#        -f C:\Users\D13C~1\AppData\Local\Temp\EW2E3B.tmp
#        (C:\Users\Николаос\Documents\MyIARprojects\Kprojet9\Debug\Obj\adc.o
#        C:\Users\Николаос\Documents\MyIARprojects\Kprojet9\Debug\Obj\Button.o
#        C:\Users\Николаос\Documents\MyIARprojects\Kprojet9\Debug\Obj\led.o
#        C:\Users\Николаос\Documents\MyIARprojects\Kprojet9\Debug\Obj\ledsIndicator.o
#        C:\Users\Николаос\Documents\MyIARprojects\Kprojet9\Debug\Obj\main.o
#        C:\Users\Николаос\Documents\MyIARprojects\Kprojet9\Debug\Obj\measurer.o
#        C:\Users\Николаос\Documents\MyIARprojects\Kprojet9\Debug\Obj\pin.o
#        C:\Users\Николаос\Documents\MyIARprojects\Kprojet9\Debug\Obj\startup.o
#        --no_out_extension -o
#        C:\Users\Николаос\Documents\MyIARprojects\Kprojet9\Debug\Exe\lab4.out
#        --map
#        C:\Users\Николаос\Documents\MyIARprojects\Kprojet9\Debug\List\lab4.map
#        --config "C:\Program Files (x86)\IAR Systems\Embedded Workbench
#        8.3\arm\config\linker\ST\stm32f411xE.icf" --semihosting --entry
#        __iar_program_start --vfe --text_out locale)
#
###############################################################################

*******************************************************************************
*** RUNTIME MODEL ATTRIBUTES
***

CppFlavor                     = *
__CPP_Exceptions              = Disabled
__CPP_Language                = C++14
__Heap_Handler                = DLMalloc
__SystemLibrary               = DLib
__dlib_dynamic_initialization = normal
__dlib_version                = 6


*******************************************************************************
*** HEAP SELECTION
***

The advanced heap was selected because the application calls memory
allocation functions outside of system library functions, and there
are calls to deallocation functions in the application.


*******************************************************************************
*** PLACEMENT SUMMARY
***

"A0":  place at address 0x800'0000 { ro section .intvec };
"P1":  place in [from 0x800'0000 to 0x807'ffff] { ro };
define block CSTACK with size = 8K, alignment = 8 { };
define block HEAP with size = 8K, alignment = 8 { };
"P2":  place in [from 0x2000'0000 to 0x2001'ffff] {
          rw, block CSTACK, block HEAP };
initialize by copy { rw };

  Section                Kind         Address    Size  Object
  -------                ----         -------    ----  ------
"A0":                                            0xdc
  .intvec                const     0x800'0000    0xdc  startup.o [1]
                                 - 0x800'00dc    0xdc

"P1":                                          0x481b
  .text                  ro code   0x800'00dc  0x149c  dlmalloc.o [2]
  .text                  ro code   0x800'1578     0x6  abort.o [2]
  .text                  ro code   0x800'157e    0x3a  zero_init3.o [5]
  .text                  ro code   0x800'15b8    0x2c  xgetmemchunk.o [2]
  .text                  ro code   0x800'15e4    0x14  exit.o [6]
  .text                  ro code   0x800'15f8   0xdaa  xprintflarge_nomb.o [2]
  .text                  ro code   0x800'23a2     0xa  xsprout.o [2]
  .text                  ro code   0x800'23ac    0x16  strchr.o [5]
  .text                  ro code   0x800'23c2     0x6  startup.o [1]
  .text                  ro code   0x800'23c8    0x40  xfail_s.o [2]
  .text                  ro code   0x800'2408    0x36  strlen.o [5]
  .text                  ro code   0x800'243e     0x6  startup.o [1]
  .text                  ro code   0x800'2444    0x58  memchr.o [5]
  .text                  ro code   0x800'249c    0x76  ABImemcpy_unaligned.o [5]
  .text                  ro code   0x800'2512     0x2  startup.o [1]
  .text                  ro code   0x800'2514    0x70  frexp.o [4]
  .text                  ro code   0x800'2584   0x246  DblDiv.o [4]
  .rodata                const     0x800'27ca     0x1  unwind_debug.o [6]
  .text                  ro code   0x800'27cc    0x28  DblToU32.o [4]
  .text                  ro code   0x800'27f4    0x1a  U32ToDbl.o [4]
  .text                  ro code   0x800'2810    0xe2  DblSub.o [4]
  .text                  ro code   0x800'28f4   0x1a2  DblMul.o [4]
  .text                  ro code   0x800'2a98   0x230  I64DivMod.o [5]
  .text                  ro code   0x800'2cc8   0x17a  DblAdd.o [4]
  .text                  ro code   0x800'2e44     0x2  I64DivZer.o [5]
  .text                  ro code   0x800'2e48   0x2a4  ledsIndicator.o [1]
  .text                  ro code   0x800'30ec    0xac  pin.o [1]
  .text                  ro code   0x800'3198    0x22  S32ToDbl.o [4]
  .text                  ro code   0x800'31bc    0x74  startup.o [1]
  .text                  ro code   0x800'3230    0x3e  led.o [1]
  .text                  ro code   0x800'3270    0x2e  DblCmpLe.o [4]
  .text                  ro code   0x800'329e     0xc  pin.o [1]
  .text                  ro code   0x800'32aa     0xc  pin.o [1]
  .text                  ro code   0x800'32b6     0x6  startup.o [1]
  .text                  ro code   0x800'32bc     0x2  pin.o [1]
  .text                  ro code   0x800'32be     0x2  pin.o [1]
  .text                  ro code   0x800'32c0   0x280  main.o [1]
  .text                  ro code   0x800'3540    0xec  Button.o [1]
  .text                  ro code   0x800'362c    0x10  startup.o [1]
  .text                  ro code   0x800'363c    0x10  main.o [1]
  .text                  ro code   0x800'364c    0x14  main.o [1]
  .text                  ro code   0x800'3660    0x14  main.o [1]
  .text                  ro code   0x800'3674    0x14  main.o [1]
  .text                  ro code   0x800'3688    0x14  main.o [1]
  .text                  ro code   0x800'369c    0x10  main.o [1]
  .text                  ro code   0x800'36ac    0x14  main.o [1]
  .text                  ro code   0x800'36c0    0x10  main.o [1]
  .text                  ro code   0x800'36d0    0x10  main.o [1]
  .text                  ro code   0x800'36e0    0x10  main.o [1]
  .text                  ro code   0x800'36f0    0x10  main.o [1]
  .text                  ro code   0x800'3700    0x10  main.o [1]
  .text                  ro code   0x800'3710     0xc  main.o [1]
  .text                  ro code   0x800'371c    0x10  main.o [1]
  .text                  ro code   0x800'372c    0x10  main.o [1]
  .text                  ro code   0x800'373c    0x34  main.o [1]
  .text                  ro code   0x800'3770     0xc  main.o [1]
  .text                  ro code   0x800'377c     0xa  startup.o [1]
  .text                  ro code   0x800'3786    0x3a  startup.o [1]
  .text                  ro code   0x800'37c0    0x7c  startup.o [1]
  .text                  ro code   0x800'383c    0x10  main.o [1]
  .text                  ro code   0x800'384c    0x24  ABIassert.o [6]
  .text                  ro code   0x800'3870    0x10  startup.o [1]
  .text                  ro code   0x800'3880    0x10  startup.o [1]
  .text                  ro code   0x800'3890    0x10  startup.o [1]
  .text                  ro code   0x800'38a0    0x10  startup.o [1]
  .text                  ro code   0x800'38b0    0x10  startup.o [1]
  .text                  ro code   0x800'38c0    0x14  startup.o [1]
  .text                  ro code   0x800'38d4    0x14  startup.o [1]
  .text                  ro code   0x800'38e8    0x10  startup.o [1]
  .text                  ro code   0x800'38f8    0x14  startup.o [1]
  .text                  ro code   0x800'390c    0x14  startup.o [1]
  .text                  ro code   0x800'3920    0x10  startup.o [1]
  .text                  ro code   0x800'3930    0x10  startup.o [1]
  .text                  ro code   0x800'3940    0x10  startup.o [1]
  .text                  ro code   0x800'3950    0x10  startup.o [1]
  .text                  ro code   0x800'3960    0x10  startup.o [1]
  .text                  ro code   0x800'3970    0x14  startup.o [1]
  .text                  ro code   0x800'3984    0x10  startup.o [1]
  .text                  ro code   0x800'3994    0x10  startup.o [1]
  .text                  ro code   0x800'39a4     0xc  startup.o [1]
  .text                  ro code   0x800'39b0    0x30  startup.o [1]
  .text                  ro code   0x800'39e0   0x24c  startup.o [1]
  .text                  ro code   0x800'3c2c    0x3c  startup.o [1]
  .text                  ro code   0x800'3c68     0xa  cxxabi.o [3]
  .text                  ro code   0x800'3c74    0x48  startup.o [1]
  .text                  ro code   0x800'3cbc    0x22  fpinit_M.o [4]
  .text                  ro code   0x800'3ce0    0x1e  cmain.o [5]
  .text                  ro code   0x800'3cfe     0xc  startup.o [1]
  .text                  ro code   0x800'3d0c    0xa0  cppinit.o [2]
  .text                  ro code   0x800'3dac    0x28  data_init.o [5]
  .text                  ro code   0x800'3dd4     0x4  exit.o [2]
  .text                  ro code   0x800'3dd8    0x4c  startup.o [1]
  .text                  ro code   0x800'3e24     0xe  cexit.o [5]
  .text                  ro code   0x800'3e32     0xc  startup.o [1]
  .text                  ro code   0x800'3e3e     0x4  newaop_0.o [3]
  .text                  ro code   0x800'3e42     0x2  startup.o [1]
  .text                  ro code   0x800'3e44    0x24  newop_0.o [3]
  .text                  ro code   0x800'3e68     0x4  nomemory.o [3]
  .text                  ro code   0x800'3e6c   0x144  startup.o [1]
  .text                  ro code   0x800'3fb0    0x10  startup.o [1]
  .text                  ro code   0x800'3fc0     0xc  startup.o [1]
  .text                  ro code   0x800'3fcc    0x12  strcmp.o [5]
  .text                  ro code   0x800'3fde     0xe  startup.o [1]
  .text                  ro code   0x800'3fec    0x10  startup.o [1]
  .text                  ro code   0x800'3ffc    0x40  sprintf.o [2]
  .text                  ro code   0x800'403c    0x10  startup.o [1]
  .text                  ro code   0x800'404c    0x10  startup.o [1]
  .text                  ro code   0x800'405c     0xc  startup.o [1]
  .text                  ro code   0x800'4068    0x10  startup.o [1]
  .text                  ro code   0x800'4078    0x10  startup.o [1]
  .text                  ro code   0x800'4088    0x10  startup.o [1]
  .rodata                const     0x800'4098    0x9c  main.o [1]
  .rodata                const     0x800'4134    0x9c  startup.o [1]
  .text                  ro code   0x800'41d0    0x8c  startup.o [1]
  .text                  ro code   0x800'425c     0xa  startup.o [1]
  .text                  ro code   0x800'4266    0x14  startup.o [1]
  .text                  ro code   0x800'427c    0x30  startup.o [1]
  .text                  ro code   0x800'42ac    0x20  startup.o [1]
  .text                  ro code   0x800'42cc    0x54  startup.o [1]
  .rodata                const     0x800'4320    0x68  main.o [1]
  .rodata                const     0x800'4388    0x68  startup.o [1]
  .rodata                const     0x800'43f0    0x40  pin.o [1]
  .text                  ro code   0x800'4430    0x38  packbits_init_single.o [5]
  .rodata                const     0x800'4468    0x34  startup.o [1]
  .rodata                const     0x800'449c    0x30  startup.o [1]
  .rodata                const     0x800'44cc    0x30  startup.o [1]
  .text                  ro code   0x800'44fc    0x2c  startup.o [1]
  .text                  ro code   0x800'4528     0xc  startup.o [1]
  .text                  ro code   0x800'4534     0xc  startup.o [1]
  .text                  ro code   0x800'4540    0x2c  startup.o [1]
  .text                  ro code   0x800'456c     0xc  startup.o [1]
  .text                  ro code   0x800'4578     0xc  startup.o [1]
  .text                  ro code   0x800'4584    0x2c  startup.o [1]
  .text                  ro code   0x800'45b0    0x10  startup.o [1]
  .text                  ro code   0x800'45c0    0x10  startup.o [1]
  .text                  ro code   0x800'45d0    0x10  startup.o [1]
  .text                  ro code   0x800'45e0    0x2a  startup.o [1]
  .text                  ro code   0x800'460c    0x10  startup.o [1]
  .text                  ro code   0x800'461c     0xe  startup.o [1]
  .text                  ro code   0x800'462c     0xc  startup.o [1]
  .text                  ro code   0x800'4638     0xc  startup.o [1]
  .text                  ro code   0x800'4644    0x10  startup.o [1]
  .text                  ro code   0x800'4654     0xc  startup.o [1]
  .iar.init_table        const     0x800'4660    0x24  - Linker created -
  .rodata                const     0x800'4684    0x20  startup.o [1]
  .rodata                const     0x800'46a4    0x20  startup.o [1]
  .rodata                const     0x800'46c4    0x20  startup.o [1]
  .text                  ro code   0x800'46e4    0x20  cmain_call_ctors.o [5]
  .rodata                const     0x800'4704    0x1c  startup.o [1]
  .rodata                const     0x800'4720    0x18  startup.o [1]
  .text                  ro code   0x800'4738    0x18  startup.o [1]
  .rodata                const     0x800'4750    0x14  startup.o [1]
  .text                  ro code   0x800'4764    0x12  startup.o [1]
  .text                  ro code   0x800'4778     0xc  startup.o [1]
  .text                  ro code   0x800'4784    0x12  startup.o [1]
  .text                  ro code   0x800'4798     0xc  startup.o [1]
  .text                  ro code   0x800'47a4    0x10  startup.o [1]
  .text                  ro code   0x800'47b4    0x10  startup.o [1]
  .text                  ro code   0x800'47c4    0x10  startup.o [1]
  SHT$$PREINIT_ARRAY               0x800'47d4     0x0  <Block>
  SHT$$INIT_ARRAY                  0x800'47d4    0x10  <Block>
    .init_array          const     0x800'47d4     0x4  Button.o [1]
    .init_array          const     0x800'47d8     0x4  ledsIndicator.o [1]
    .init_array          const     0x800'47dc     0x4  main.o [1]
    .init_array          const     0x800'47e0     0x4  startup.o [1]
  __iar_tls$$INIT_ARRAY            0x800'47e4     0x0  <Block>
  .text                  ro code   0x800'47e4     0xe  startup.o [1]
  .text                  ro code   0x800'47f2     0xe  startup.o [1]
  .text                  ro code   0x800'4800     0xc  startup.o [1]
  .text                  ro code   0x800'480c     0xe  startup.o [1]
  .text                  ro code   0x800'481c     0xc  startup.o [1]
  .text                  ro code   0x800'4828     0xe  startup.o [1]
  .text                  ro code   0x800'4836     0xe  startup.o [1]
  .text                  ro code   0x800'4844     0xe  startup.o [1]
  .text                  ro code   0x800'4852     0x4  delaop_0.o [3]
  .text                  ro code   0x800'4856     0xa  delop_0.o [3]
  .text                  ro code   0x800'4860     0x4  heaptramp0.o [2]
  .text                  ro code   0x800'4864     0xe  startup.o [1]
  .text                  ro code   0x800'4872     0xc  startup.o [1]
  .text                  ro code   0x800'487e     0xe  startup.o [1]
  .text                  ro code   0x800'488c     0xa  startup.o [1]
  .text                  ro code   0x800'4896     0xa  startup.o [1]
  .text                  ro code   0x800'48a0     0xa  startup.o [1]
  .text                  ro code   0x800'48aa     0xa  startup.o [1]
  .text                  ro code   0x800'48b4     0xa  startup.o [1]
  .text                  ro code   0x800'48be     0x4  startup.o [1]
  .text                  ro code   0x800'48c4     0x0  cstart_call_dtors.o [5]
  .rodata                const     0x800'48c4     0x0  zero_init3.o [5]
  .rodata                const     0x800'48c4     0x0  packbits_init_single.o [5]
  Initializer bytes      const     0x800'48c4    0x33  <for P2-1>
                                 - 0x800'48f7  0x481b

"P2", part 1 of 3:                               0x84
  P2-1                            0x2000'0000    0x84  <Init block>
    .data                inited   0x2000'0000    0x10  startup.o [1]
    .data                inited   0x2000'0010     0x4  startup.o [1]
    .data                inited   0x2000'0014     0x4  startup.o [1]
    .data                inited   0x2000'0018     0x4  startup.o [1]
    .data                inited   0x2000'001c    0x34  startup.o [1]
    .data                inited   0x2000'0050    0x34  startup.o [1]
                                - 0x2000'0084    0x84

"P2", part 2 of 3:                              0x3e8
  .bss                   zero     0x2000'0084   0x1d8  dlmalloc.o [2]
  .bss                   zero     0x2000'025c    0x64  startup.o [1]
  .bss                   zero     0x2000'02c0    0x64  startup.o [1]
  .bss                   zero     0x2000'0328    0x38  startup.o [1]
  .bss                   zero     0x2000'0360    0x28  startup.o [1]
  .bss                   zero     0x2000'0388    0x28  startup.o [1]
  .bss                   zero     0x2000'03b0    0x18  dlmalloc.o [2]
  .bss                   zero     0x2000'03c8    0x10  startup.o [1]
  .bss                   zero     0x2000'03d8    0x10  startup.o [1]
  .bss                   zero     0x2000'03e8    0x10  startup.o [1]
  .bss                   zero     0x2000'03f8    0x10  startup.o [1]
  .bss                   zero     0x2000'0408    0x10  startup.o [1]
  .bss                   zero     0x2000'0418     0x8  startup.o [1]
  .bss                   zero     0x2000'0420     0x8  startup.o [1]
  .bss                   zero     0x2000'0428     0x8  startup.o [1]
  .bss                   zero     0x2000'0430     0x4  startup.o [1]
  .bss                   zero     0x2000'0434     0x4  startup.o [1]
  .bss                   zero     0x2000'0438     0x4  startup.o [1]
  .bss                   zero     0x2000'043c     0x4  startup.o [1]
  .bss                   zero     0x2000'0440     0x4  cppinit.o [2]
  .bss                   zero     0x2000'0444     0x4  cppinit.o [2]
  .bss                   zero     0x2000'0448     0x4  new.o [3]
  .bss                   zero     0x2000'044c     0x4  xgetmemchunk.o [2]
  .bss                   zero     0x2000'0450     0x4  xfail_s.o [2]
  .bss                   zero     0x2000'0454     0x2  startup.o [1]
  .bss                   zero     0x2000'0456     0x2  startup.o [1]
  .bss                   zero     0x2000'0458     0x2  startup.o [1]
  .bss                   zero     0x2000'045a     0x1  startup.o [1]
  .bss                   zero     0x2000'045b     0x1  startup.o [1]
  .bss                   zero     0x2000'045c     0x1  startup.o [1]
  .bss                   zero     0x2000'045d     0x1  startup.o [1]
  .bss                   zero     0x2000'045e     0x1  startup.o [1]
  .bss                   zero     0x2000'045f     0x1  startup.o [1]
  .bss                   zero     0x2000'0460     0x1  startup.o [1]
  .bss                   zero     0x2000'0461     0x1  startup.o [1]
  .bss                   zero     0x2000'0462     0x1  startup.o [1]
  .bss                   zero     0x2000'0463     0x1  startup.o [1]
  .bss                   zero     0x2000'0464     0x1  startup.o [1]
  .bss                   zero     0x2000'0465     0x1  startup.o [1]
  .bss                   zero     0x2000'0466     0x1  startup.o [1]
  .bss                   zero     0x2000'0467     0x1  startup.o [1]
  .bss                   zero     0x2000'0468     0x1  startup.o [1]
                                - 0x2000'0469   0x3e5

"P2", part 3 of 3:                             0x419c
  .iar.dynexit                    0x2000'046c   0x198  <Block>
    .iar.dynexit         uninit   0x2000'046c     0xc  cppinit.o [2]
    .iar.dynexit         uninit   0x2000'0478   0x18c  <Block tail>
  CSTACK                          0x2000'0608  0x2000  <Block>
    CSTACK               uninit   0x2000'0608  0x2000  <Block tail>
  HEAP                            0x2000'2608  0x2000  <Block>
    HEAP                 uninit   0x2000'2608  0x2000  <Block tail>
                                - 0x2000'4608  0x419c

Unused ranges:

         From           To      Size
         ----           --      ----
   0x800'48f7   0x807'ffff  0x7'b709
  0x2000'4608  0x2001'ffff  0x1'b9f8


*******************************************************************************
*** INIT TABLE
***

          Address      Size
          -------      ----
Zero (__iar_zero_init3)
    1 destination range, total size 0x3e5:
          0x2000'0084  0x3e5

Copy/packbits (__iar_packbits_init_single3)
    1 source range, total size 0x33 (38% of destination):
           0x800'48c4   0x33
    1 destination range, total size 0x84:
          0x2000'0000   0x84

Extra (__iar_cstart_call_ctors)



*******************************************************************************
*** MODULE SUMMARY
***

    Module                  ro code  ro data  rw data
    ------                  -------  -------  -------
command line/config:
    -------------------------------------------------
    Total:

C:\Users\Николаос\Documents\MyIARprojects\Kprojet9\Debug\Obj: [1]
    Button.o                    236        4
    led.o                        62
    ledsIndicator.o             676        4
    main.o                      976      264
    pin.o                       200       64
    startup.o                 3'028      851      609
    -------------------------------------------------
    Total:                    5'178    1'187      609

dl7M_tln.a: [2]
    abort.o                       6
    cppinit.o                   160                20
    dlmalloc.o                5'276               496
    exit.o                        4
    heaptramp0.o                  4
    sprintf.o                    64
    xfail_s.o                    64                 4
    xgetmemchunk.o               44                 4
    xprintflarge_nomb.o       3'498
    xsprout.o                    10
    -------------------------------------------------
    Total:                    9'130               524

dlpp7M_tl_nc.a: [3]
    cxxabi.o                     10
    delaop_0.o                    4
    delop_0.o                    10
    new.o                                           4
    newaop_0.o                    4
    newop_0.o                    36
    nomemory.o                    4
    -------------------------------------------------
    Total:                       68                 4

m7M_tls.a: [4]
    DblAdd.o                    378
    DblCmpLe.o                   46
    DblDiv.o                    582
    DblMul.o                    418
    DblSub.o                    226
    DblToU32.o                   40
    S32ToDbl.o                   34
    U32ToDbl.o                   26
    fpinit_M.o                   34
    frexp.o                     112
    -------------------------------------------------
    Total:                    1'896

rt7M_tl.a: [5]
    ABImemcpy_unaligned.o       118
    I64DivMod.o                 560
    I64DivZer.o                   2
    cexit.o                      14
    cmain.o                      30
    cmain_call_ctors.o           32
    cstart_call_dtors.o
    data_init.o                  40
    memchr.o                     88
    packbits_init_single.o       56
    strchr.o                     22
    strcmp.o                     18
    strlen.o                     54
    zero_init3.o                 58
    -------------------------------------------------
    Total:                    1'092

shb_l.a: [6]
    ABIassert.o                  36
    exit.o                       20
    unwind_debug.o                         1
    -------------------------------------------------
    Total:                       56        1

    Gaps                         35                 4
    Linker created                        36   16'780
-----------------------------------------------------
    Grand Total:             17'455    1'224   17'921


*******************************************************************************
*** ENTRY LIST
***

Entry                       Address   Size  Type      Object
-----                       -------   ----  ----      ------
.iar.dynexit$$Base      0x2000'046c          --   Gb  - Linker created -
.iar.dynexit$$Limit     0x2000'0604          --   Gb  - Linker created -
.iar.init_table$$Base    0x800'4660          --   Gb  - Linker created -
.iar.init_table$$Limit   0x800'4684          --   Gb  - Linker created -
?main                    0x800'3ce1         Code  Gb  cmain.o [5]
ADC<ADC1>::CalibrateRefVoltage()
                         0x800'37c1   0x7c  Code  Gb  startup.o [1]
ADC<ADC1>::Enable()      0x800'377d    0xa  Code  Gb  startup.o [1]
ADC<ADC1>::GetCode()     0x800'4267   0x14  Code  Gb  startup.o [1]
ADC<ADC1>::GetNumOfBits()
                         0x800'48bf    0x4  Code  Gb  startup.o [1]
ADC<ADC1>::GetRefVoltage()
                         0x800'32b7    0x6  Code  Gb  startup.o [1]
ADC<ADC1>::Setting()     0x800'3787   0x3a  Code  Gb  startup.o [1]
ADC<ADC1>::Start()       0x800'425d    0xa  Code  Gb  startup.o [1]
Button::Button(IButtonPin &)
                         0x800'3629    0x4  Code  Gb  Button.o [1]
Button::WasPressed()     0x800'3601   0x28  Code  Gb  Button.o [1]
CSTACK$$Base            0x2000'0608          --   Gb  - Linker created -
CSTACK$$Limit           0x2000'2608          --   Gb  - Linker created -
DispObject::DispObject()
                         0x800'3e43    0x2  Code  Gb  startup.o [1]
DispObject::DispObject() [subobject]
                         0x800'3e33    0xc  Code  Gb  startup.o [1]
DtorRecArray            0x2000'046c    0xc  Data  Lc  cppinit.o [2]
HEAP$$Base              0x2000'2608          --   Gb  - Linker created -
HEAP$$Limit             0x2000'4608          --   Gb  - Linker created -
IButtonPin::IButtonPin()
                         0x800'32bd    0x2  Code  Gb  pin.o [1]
IButtonPin::IButtonPin() [subobject]
                         0x800'329f    0xc  Code  Gb  pin.o [1]
ILedPin::ILedPin()       0x800'32bf    0x2  Code  Gb  pin.o [1]
ILedPin::ILedPin() [subobject]
                         0x800'32ab    0xc  Code  Gb  pin.o [1]
Initialization guard variable for TempCAL1
                        0x2000'0460    0x1  Data  Gb  startup.o [1]
Initialization guard variable for TempCAL2
                        0x2000'0461    0x1  Data  Gb  startup.o [1]
Initialization guard variable for Temp_b
                        0x2000'0463    0x1  Data  Gb  startup.o [1]
Initialization guard variable for Temp_k
                        0x2000'0462    0x1  Data  Gb  startup.o [1]
Initialization guard variable for UrefADU_Default
                        0x2000'045f    0x1  Data  Gb  startup.o [1]
Initialization guard variable for button
                        0x2000'0465    0x1  Data  Gb  startup.o [1]
Initialization guard variable for ledsIndicator
                        0x2000'0464    0x1  Data  Gb  startup.o [1]
Initialization guard variable for pinButton
                        0x2000'045e    0x1  Data  Gb  startup.o [1]
Initialization guard variable for pinLed1
                        0x2000'045a    0x1  Data  Gb  startup.o [1]
Initialization guard variable for pinLed2
                        0x2000'045b    0x1  Data  Gb  startup.o [1]
Initialization guard variable for pinLed3
                        0x2000'045c    0x1  Data  Gb  startup.o [1]
Initialization guard variable for pinLed4
                        0x2000'045d    0x1  Data  Gb  startup.o [1]
Initialization guard variable for potensiometer
                        0x2000'0466    0x1  Data  Gb  startup.o [1]
Initialization guard variable for termometer
                        0x2000'0467    0x1  Data  Gb  startup.o [1]
InterruptHandler::DummyHandler()
                         0x800'2513    0x2  Code  Gb  startup.o [1]
InterruptHandler::TimerHandler()
                         0x800'41d1   0x8c  Code  Gb  startup.o [1]
InterruptHandler::Usart2InterruptHandler()
                         0x800'3e6d  0x144  Code  Gb  startup.o [1]
InterruptHandler::Usart2InterruptHandler()::RXit
                        0x2000'0434    0x4  Data  Gb  startup.o [1]
InterruptHandler::Usart2InterruptHandler()::TXit
                        0x2000'0438    0x4  Data  Gb  startup.o [1]
InterruptHandler::Usart2InterruptHandler()::lenTXmessage
                        0x2000'043c    0x4  Data  Gb  startup.o [1]
InterruptHandler::Usart2InterruptHandler()::sendValue
                        0x2000'0428    0x8  Data  Gb  startup.o [1]
InterruptHandler::Usart2InterruptHandler()::strTemp
                        0x2000'001c   0x34  Data  Gb  startup.o [1]
InterruptHandler::Usart2InterruptHandler()::strVolt
                        0x2000'0050   0x34  Data  Gb  startup.o [1]
InterruptHandler::Usart2InterruptHandler()::string (instance 3)
                         0x800'4720   0x18  Data  Gb  startup.o [1]
InterruptHandler::Usart2InterruptHandler()::string (instance 4)
                         0x800'4750   0x14  Data  Gb  startup.o [1]
Led::Enable()            0x800'3255   0x1a  Code  Gb  led.o [1]
Led::Led(ILedPin &)      0x800'3231    0x4  Code  Gb  led.o [1]
Led::TurnOff()           0x800'3245   0x10  Code  Gb  led.o [1]
Led::TurnOn()            0x800'3235   0x10  Code  Gb  led.o [1]
LedsIndicator::Enable()
                         0x800'2f81   0x34  Code  Gb  ledsIndicator.o [1]
LedsIndicator::GetTimer()
                         0x800'30e9    0x4  Code  Gb  ledsIndicator.o [1]
LedsIndicator::LedsIndicator()
                         0x800'31bd   0x74  Code  Gb  startup.o [1]
LedsIndicator::Start()   0x800'30d9   0x10  Code  Gb  ledsIndicator.o [1]
LedsIndicator::UpdateIndicator(DispObject &)
                         0x800'2fb5   0xac  Code  Gb  ledsIndicator.o [1]
Measurer::AddValue(double)
                         0x800'42ad   0x20  Code  Gb  startup.o [1]
Measurer::GetMaxValue()
                         0x800'243f    0x6  Code  Gb  startup.o [1]
Measurer::GetMinValue()
                         0x800'23c3    0x6  Code  Gb  startup.o [1]
Measurer::GetValue()     0x800'3fdf    0xe  Code  Gb  startup.o [1]
Measurer::Measurer(double, double, unsigned int, ADCdescriptor &)
                         0x800'3dd9   0x4c  Code  Gb  startup.o [1]
Measurer::Measurer(double, double, unsigned int, ADCdescriptor &) [subobject]
                         0x800'3cff    0xc  Code  Gb  startup.o [1]
Measurer::~Measurer()    0x800'4845    0xe  Code  Gb  startup.o [1]
Measurer::~Measurer() [subobject]
                         0x800'4873    0xc  Code  Gb  startup.o [1]
Pin::Enable()            0x800'3165   0x1e  Code  Gb  pin.o [1]
Pin::IsSet()             0x800'3151   0x12  Code  Gb  pin.o [1]
Pin::Pin(unsigned char, IPort &)
                         0x800'30ed   0x28  Code  Gb  pin.o [1]
Pin::Reset()             0x800'3139   0x18  Code  Gb  pin.o [1]
Pin::SelectOutputMode()
                         0x800'3185   0x14  Code  Gb  pin.o [1]
Pin::Set()               0x800'311f   0x18  Code  Gb  pin.o [1]
Port<GPIOA>::Enable()    0x800'4897    0xa  Code  Gb  startup.o [1]
Port<GPIOA>::IsEnable()
                         0x800'48ab    0xa  Code  Gb  startup.o [1]
Port<GPIOA>::IsSet(unsigned char)
                         0x800'4785   0x12  Code  Gb  startup.o [1]
Port<GPIOA>::ModeSet(unsigned char, Moder)
                         0x800'4541   0x2c  Code  Gb  startup.o [1]
Port<GPIOA>::Reset(unsigned int)
                         0x800'4837    0xe  Code  Gb  startup.o [1]
Port<GPIOA>::Set(unsigned int)
                         0x800'480d    0xe  Code  Gb  startup.o [1]
Port<GPIOC>::Enable()    0x800'488d    0xa  Code  Gb  startup.o [1]
Port<GPIOC>::IsEnable()
                         0x800'48a1    0xa  Code  Gb  startup.o [1]
Port<GPIOC>::IsSet(unsigned char)
                         0x800'4765   0x12  Code  Gb  startup.o [1]
Port<GPIOC>::ModeSet(unsigned char, Moder)
                         0x800'44fd   0x2c  Code  Gb  startup.o [1]
Port<GPIOC>::Reset(unsigned int)
                         0x800'4829    0xe  Code  Gb  startup.o [1]
Port<GPIOC>::Set(unsigned int)
                         0x800'47f3    0xe  Code  Gb  startup.o [1]
Potensiometer::ConvertADU(unsigned short)
                         0x800'42cd   0x54  Code  Gb  startup.o [1]
Potensiometer::Potensiometer(unsigned int, ADCdescriptor &)
                         0x800'3c2d   0x3c  Code  Gb  startup.o [1]
Potensiometer::~Potensiometer()
                         0x800'4865    0xe  Code  Gb  startup.o [1]
RXbuff                  0x2000'02c0   0x64  Data  Gb  startup.o [1]
Region$$Table$$Base      0x800'4660          --   Gb  - Linker created -
Region$$Table$$Limit     0x800'4684          --   Gb  - Linker created -
SHT$$INIT_ARRAY$$Base    0x800'47d4          --   Gb  - Linker created -
SHT$$INIT_ARRAY$$Limit   0x800'47e4          --   Gb  - Linker created -
SHT$$PREINIT_ARRAY$$Base
                         0x800'47d4          --   Gb  - Linker created -
SHT$$PREINIT_ARRAY$$Limit
                         0x800'47d4          --   Gb  - Linker created -
TXbuff                  0x2000'025c   0x64  Data  Gb  startup.o [1]
TempCAL1                0x2000'0456    0x2  Data  Gb  startup.o [1]
TempCAL2                0x2000'0458    0x2  Data  Gb  startup.o [1]
Temp_b                  0x2000'0420    0x8  Data  Gb  startup.o [1]
Temp_k                  0x2000'0418    0x8  Data  Gb  startup.o [1]
Termometer::ConvertADU(unsigned short)
                         0x800'427d   0x30  Code  Gb  startup.o [1]
Termometer::Termometer(double, double, unsigned int, ADCdescriptor &)
                         0x800'3c75   0x48  Code  Gb  startup.o [1]
Termometer::~Termometer()
                         0x800'487f    0xe  Code  Gb  startup.o [1]
Thunk for (offset -4) Pin::Enable()
                         0x800'3163    0x2  Code  Gb  pin.o [1]
Thunk for (offset -4) Pin::Reset()
                         0x800'3137    0x2  Code  Gb  pin.o [1]
Thunk for (offset -4) Pin::SelectOutputMode()
                         0x800'3183    0x2  Code  Gb  pin.o [1]
Thunk for (offset -4) Pin::Set()
                         0x800'311d    0x2  Code  Gb  pin.o [1]
Timer<TIM2, (unsigned int)8000000>::Enable()
                         0x800'45e1   0x2a  Code  Gb  startup.o [1]
Timer<TIM2, (unsigned int)8000000>::IsOverFlowed()
                         0x800'4585   0x2c  Code  Gb  startup.o [1]
Timer<TIM2, (unsigned int)8000000>::SetPeriod(unsigned int)
                         0x800'4739   0x18  Code  Gb  startup.o [1]
Timer<TIM2, (unsigned int)8000000>::Start()
                         0x800'48b5    0xa  Code  Gb  startup.o [1]
UrefADU_Default         0x2000'0454    0x2  Data  Gb  startup.o [1]
Virtual function table for ADC<ADC1>
                         0x800'4468   0x34  Data  Gb  startup.o [1]
Virtual function table for Measurer
                         0x800'4684   0x20  Data  Gb  startup.o [1]
Virtual function table for Pin
                         0x800'43f0   0x40  Data  Gb  pin.o [1]
Virtual function table for Port<GPIOA>
                         0x800'44cc   0x30  Data  Gb  startup.o [1]
Virtual function table for Port<GPIOC>
                         0x800'449c   0x30  Data  Gb  startup.o [1]
Virtual function table for Potensiometer
                         0x800'46a4   0x20  Data  Gb  startup.o [1]
Virtual function table for Termometer
                         0x800'46c4   0x20  Data  Gb  startup.o [1]
Virtual function table for Timer<TIM2, (unsigned int)8000000>
                         0x800'4704   0x1c  Data  Gb  startup.o [1]
_LitobLargeNoMb          0x800'2177  0x10a  Code  Lc  xprintflarge_nomb.o [2]
_PrintfLargeNoMb         0x800'15f9  0xb78  Code  Gb  xprintflarge_nomb.o [2]
_PutcharLargeNoMb        0x800'22e9   0x20  Code  Lc  xprintflarge_nomb.o [2]
_PutcharsLargeNoMb       0x800'2309   0x2e  Code  Lc  xprintflarge_nomb.o [2]
_SProut                  0x800'23a3    0xa  Code  Gb  xsprout.o [2]
__aeabi_assert           0x800'384d   0x24  Code  Gb  ABIassert.o [6]
__aeabi_atexit           0x800'3c69    0xa  Code  Gb  cxxabi.o [3]
__aeabi_cdcmple          0x800'3271         Code  Gb  DblCmpLe.o [4]
__aeabi_d2uiz            0x800'27cd         Code  Gb  DblToU32.o [4]
__aeabi_dadd             0x800'2cc9         Code  Gb  DblAdd.o [4]
__aeabi_ddiv             0x800'2585         Code  Gb  DblDiv.o [4]
__aeabi_dmul             0x800'28f5         Code  Gb  DblMul.o [4]
__aeabi_dsub             0x800'2811         Code  Gb  DblSub.o [4]
__aeabi_i2d              0x800'3199         Code  Gb  S32ToDbl.o [4]
__aeabi_ldiv0            0x800'2e45         Code  Gb  I64DivZer.o [5]
__aeabi_ui2d             0x800'27f5         Code  Gb  U32ToDbl.o [4]
__aeabi_uldivmod         0x800'2a99         Code  Gb  I64DivMod.o [5]
__call_ctors             0x800'3d0d   0x18  Code  Gb  cppinit.o [2]
__call_dtors             0x800'3d5b    0xc  Code  Gb  cppinit.o [2]
__call_dtors0            0x800'3d67   0x36  Code  Gb  cppinit.o [2]
__cexit_call_dtors       0x800'3e27         Code  Gb  cexit.o [5]
__cmain                  0x800'3ce1         Code  Gb  cmain.o [5]
__cstart_call_dtors      0x800'48c4         Data  Gb  cstart_call_dtors.o [5]
__cxa_atexit             0x800'3d25   0x36  Code  Gb  cppinit.o [2]
__data_GetMemChunk       0x800'15b9   0x2c  Code  Gb  xgetmemchunk.o [2]
__data_GetMemChunk::start
                        0x2000'044c    0x4  Data  Lc  xgetmemchunk.o [2]
__dso_handle            0x2000'0444    0x4  Data  Gb  cppinit.o [2]
__exit                   0x800'15e5   0x14  Code  Gb  exit.o [6]
__iar_Fail_s             0x800'23c9   0x1c  Code  Gb  xfail_s.o [2]
__iar_Memchr             0x800'2445         Code  Gb  memchr.o [5]
__iar_Strchr             0x800'23ad         Code  Gb  strchr.o [5]
__iar_cstart_call_ctors
                         0x800'46e5   0x20  Code  Gb  cmain_call_ctors.o [5]
__iar_dadd               0x800'2821         Code  Gb  DblSub.o [4]
__iar_data_init3         0x800'3dad   0x28  Code  Gb  data_init.o [5]
__iar_debug_exceptions   0x800'27ca    0x1  Data  Gb  unwind_debug.o [6]
__iar_dlfree             0x800'1053  0x51e  Code  Gb  dlmalloc.o [2]
__iar_dlmalloc           0x800'0165  0xeee  Code  Gb  dlmalloc.o [2]
__iar_dsub               0x800'2cd9         Code  Gb  DblAdd.o [4]
__iar_dsubStart          0x800'2ceb         Code  Gb  DblAdd.o [4]
__iar_frexp              0x800'2521         Code  Gb  frexp.o [4]
__iar_frexpl             0x800'2521         Code  Gb  frexp.o [4]
__iar_init_vfp           0x800'3cbd         Code  Gb  fpinit_M.o [4]
__iar_packbits_init_single3
                         0x800'4431   0x38  Code  Gb  packbits_init_single.o [5]
__iar_program_start      0x800'3c1d   0x10  Code  Gb  startup.o [1]
__iar_softfp___iar_frexp64
                         0x800'2515         Code  Gb  frexp.o [4]
__iar_softfp_frexp       0x800'2515         Code  Gb  frexp.o [4]
__iar_softfp_frexpl      0x800'2515         Code  Gb  frexp.o [4]
__iar_tls$$INIT_ARRAY$$Base
                         0x800'47e4          --   Gb  - Linker created -
__iar_tls$$INIT_ARRAY$$Limit
                         0x800'47e4          --   Gb  - Linker created -
__iar_unaligned_memcpy   0x800'249d         Code  Gb  ABImemcpy_unaligned.o [5]
__iar_unaligned_memcpy4
                         0x800'24bd         Code  Gb  ABImemcpy_unaligned.o [5]
__iar_unaligned_memcpy8
                         0x800'24bd         Code  Gb  ABImemcpy_unaligned.o [5]
__iar_zero_init3         0x800'157f   0x3a  Code  Gb  zero_init3.o [5]
__low_level_init         0x800'340b   0x66  Code  Gb  main.o [1]
__sti__routine           0x800'3541   0x86  Code  Lc  Button.o [1]
__sti__routine           0x800'2e49  0x138  Code  Lc  ledsIndicator.o [1]
__sti__routine           0x800'32c1  0x14a  Code  Lc  main.o [1]
__sti__routine           0x800'39e1  0x18e  Code  Lc  startup.o [1]
__vector_table           0x800'0000   0xdc  Data  Lc  startup.o [1]
_call_main               0x800'3ced         Code  Gb  cmain.o [5]
_exit                    0x800'3e25         Code  Gb  cexit.o [5]
_gm_                    0x2000'0084  0x1d8  Data  Lc  dlmalloc.o [2]
_main                    0x800'3cfb         Code  Gb  cmain.o [5]
abort                    0x800'1579    0x6  Code  Gb  abort.o [2]
adc1                    0x2000'0000   0x10  Data  Gb  startup.o [1]
bool FieldValueBase<ADC1_SR_EOC_Values<ADC1::SR, (unsigned int)1, (unsigned int)1, ReadWriteMode, ADC1::ADC1SRBase>, ADC1::ADC1SRBase, (unsigned int)1>::IsSet<ReadWriteMode, void>()
                         0x800'3995   0x10  Code  Gb  startup.o [1]
bool FieldValueBase<RCC_AHB1ENR_GPIOAEN_Values<RCC::AHB1ENR, (unsigned int)0, (unsigned int)1, ReadWriteMode, RCC::RCCAHB1ENRBase>, RCC::RCCAHB1ENRBase, (unsigned int)1>::IsSet<ReadWriteMode, void>()
                         0x800'47b5   0x10  Code  Gb  startup.o [1]
bool FieldValueBase<RCC_AHB1ENR_GPIOCEN_Values<RCC::AHB1ENR, (unsigned int)2, (unsigned int)1, ReadWriteMode, RCC::RCCAHB1ENRBase>, RCC::RCCAHB1ENRBase, (unsigned int)1>::IsSet<ReadWriteMode, void>()
                         0x800'47c5   0x10  Code  Gb  startup.o [1]
bool FieldValueBase<TIM2_DIER_UIE_Values<TIM2::DIER, (unsigned int)0, (unsigned int)1, ReadWriteMode, TIM2::TIM2DIERBase>, TIM2::TIM2DIERBase, (unsigned int)1>::IsSet<ReadWriteMode, void>()
                         0x800'45c1   0x10  Code  Gb  startup.o [1]
bool FieldValueBase<TIM2_SR_UIF_Values<TIM2::SR, (unsigned int)0, (unsigned int)1, ReadWriteMode, TIM2::TIM2SRBase>, TIM2::TIM2SRBase, (unsigned int)1>::IsSet<ReadWriteMode, void>()
                         0x800'45b1   0x10  Code  Gb  startup.o [1]
bool FieldValueBase<USART2_CR1_TE_Values<USART2::CR1, (unsigned int)3, (unsigned int)1, ReadWriteMode, USART2::USART2CR1Base>, USART2::USART2CR1Base, (unsigned int)1>::IsSet<ReadWriteMode, void>()
                         0x800'3fed   0x10  Code  Gb  startup.o [1]
bool FieldValueBase<USART2_SR_RXNE_Values<USART2::SR, (unsigned int)5, (unsigned int)1, ReadWriteMode, USART2::USART2SRBase>, USART2::USART2SRBase, (unsigned int)1>::IsSet<ReadWriteMode, void>()
                         0x800'3fb1   0x10  Code  Gb  startup.o [1]
bool FieldValueBase<USART2_SR_TXE_Values<USART2::SR, (unsigned int)7, (unsigned int)1, ReadMode, USART2::USART2SRBase>, USART2::USART2SRBase, (unsigned int)1>::IsSet<ReadMode, void>()
                         0x800'4069   0x10  Code  Gb  startup.o [1]
button                  0x2000'0430    0x4  Data  Gb  startup.o [1]
exit                     0x800'3dd5    0x4  Code  Gb  exit.o [2]
flagIndicatorSwitch     0x2000'0468    0x1  Data  Gb  startup.o [1]
free                     0x800'4861    0x4  Code  Gb  heaptramp0.o [2]
init_mparams             0x800'00f7   0x2c  Code  Lc  dlmalloc.o [2]
init_top                 0x800'0123   0x34  Code  Lc  dlmalloc.o [2]
ledsIndicator           0x2000'0328   0x38  Data  Gb  startup.o [1]
main                     0x800'3471   0x46  Code  Gb  main.o [1]
memchr                   0x800'2445         Code  Gb  memchr.o [5]
mparams                 0x2000'03b0   0x18  Data  Lc  dlmalloc.o [2]
next_abi_dtor_rec       0x2000'0440    0x4  Data  Lc  cppinit.o [2]
operator delete (void *)
                         0x800'4857    0xa  Code  Gb  delop_0.o [3]
operator delete[] (void *)
                         0x800'4853    0x4  Code  Gb  delaop_0.o [3]
operator new (unsigned int)
                         0x800'3e45   0x24  Code  Gb  newop_0.o [3]
operator new[] (unsigned int)
                         0x800'3e3f    0x4  Code  Gb  newaop_0.o [3]
pinButton               0x2000'0408   0x10  Data  Gb  startup.o [1]
pinLed1                 0x2000'03c8   0x10  Data  Gb  startup.o [1]
pinLed2                 0x2000'03d8   0x10  Data  Gb  startup.o [1]
pinLed3                 0x2000'03e8   0x10  Data  Gb  startup.o [1]
pinLed4                 0x2000'03f8   0x10  Data  Gb  startup.o [1]
portA                   0x2000'0014    0x4  Data  Gb  startup.o [1]
portC                   0x2000'0010    0x4  Data  Gb  startup.o [1]
potensiometer           0x2000'0360   0x28  Data  Gb  startup.o [1]
scale                    0x800'2281   0x46  Code  Lc  xprintflarge_nomb.o [2]
sec_hand                0x2000'0450    0x4  Data  Lc  xfail_s.o [2]
segment_holding          0x800'00dd   0x1a  Code  Lc  dlmalloc.o [2]
sprintf                  0x800'3ffd   0x40  Code  Gb  sprintf.o [2]
std::_NomemoryNothrow()
                         0x800'3e69    0x4  Code  Gb  nomemory.o [3]
std::__iar_New_hand     0x2000'0448    0x4  Data  Gb  new.o [3]
strchr                   0x800'23ad         Code  Gb  strchr.o [5]
strcmp                   0x800'3fcd         Code  Gb  strcmp.o [5]
strlen                   0x800'2409         Code  Gb  strlen.o [5]
termometer              0x2000'0388   0x28  Data  Gb  startup.o [1]
tim2                    0x2000'0018    0x4  Data  Gb  startup.o [1]
unsigned int RegisterBase<(unsigned int)1073759236, (unsigned int)32, ReadWriteMode>::Get<ReadWriteMode, void>()
                         0x800'3fc1    0xc  Code  Gb  startup.o [1]
unsigned int RegisterBase<(unsigned int)1073815628, (unsigned int)32, ReadMode>::Get<ReadMode, void>()
                         0x800'39a5    0xc  Code  Gb  startup.o [1]
unsigned int RegisterBase<(unsigned int)1073872896, (unsigned int)32, ReadWriteMode>::Get<ReadWriteMode, void>()
                         0x800'456d    0xc  Code  Gb  startup.o [1]
unsigned int RegisterBase<(unsigned int)1073872912, (unsigned int)32, ReadMode>::Get<ReadMode, void>()
                         0x800'4799    0xc  Code  Gb  startup.o [1]
unsigned int RegisterBase<(unsigned int)1073874944, (unsigned int)32, ReadWriteMode>::Get<ReadWriteMode, void>()
                         0x800'4529    0xc  Code  Gb  startup.o [1]
unsigned int RegisterBase<(unsigned int)1073874960, (unsigned int)32, ReadMode>::Get<ReadMode, void>()
                         0x800'4779    0xc  Code  Gb  startup.o [1]
unsigned int RegisterField<ADC1::SQR3, (unsigned int)0, (unsigned int)5, ReadWriteMode, void>::Get<ReadWriteMode, void>()
                         0x800'3961   0x10  Code  Gb  startup.o [1]
unsigned int RegisterField<USART2::CR1, (unsigned int)15, (unsigned int)1, ReadWriteMode, void>::Get<ReadWriteMode, void>()
                         0x800'372d   0x10  Code  Gb  main.o [1]
void FieldValueBase<ADC1_CR1_RES_Values<ADC1::CR1, (unsigned int)24, (unsigned int)2, ReadWriteMode, ADC1::ADC1CR1Base>, ADC1::ADC1CR1Base, (unsigned int)0>::Set<ReadWriteMode, void>()
                         0x800'3881   0x10  Code  Gb  startup.o [1]
void FieldValueBase<ADC1_CR1_SCAN_Values<ADC1::CR1, (unsigned int)8, (unsigned int)1, ReadWriteMode, ADC1::ADC1CR1Base>, ADC1::ADC1CR1Base, (unsigned int)1>::Set<ReadWriteMode, void>()
                         0x800'3891   0x10  Code  Gb  startup.o [1]
void FieldValueBase<ADC1_CR2_ADON_Values<ADC1::CR2, (unsigned int)0, (unsigned int)1, ReadWriteMode, ADC1::ADC1CR2Base>, ADC1::ADC1CR2Base, (unsigned int)0>::Set<ReadWriteMode, void>()
                         0x800'3951   0x10  Code  Gb  startup.o [1]
void FieldValueBase<ADC1_CR2_ADON_Values<ADC1::CR2, (unsigned int)0, (unsigned int)1, ReadWriteMode, ADC1::ADC1CR2Base>, ADC1::ADC1CR2Base, (unsigned int)1>::Set<ReadWriteMode, void>()
                         0x800'3941   0x10  Code  Gb  startup.o [1]
void FieldValueBase<ADC1_CR2_CONT_Values<ADC1::CR2, (unsigned int)1, (unsigned int)1, ReadWriteMode, ADC1::ADC1CR2Base>, ADC1::ADC1CR2Base, (unsigned int)0>::Set<ReadWriteMode, void>()
                         0x800'38a1   0x10  Code  Gb  startup.o [1]
void FieldValueBase<ADC1_CR2_EOCS_Values<ADC1::CR2, (unsigned int)10, (unsigned int)1, ReadWriteMode, ADC1::ADC1CR2Base>, ADC1::ADC1CR2Base, (unsigned int)1>::Set<ReadWriteMode, void>()
                         0x800'38b1   0x10  Code  Gb  startup.o [1]
void FieldValueBase<ADC1_CR2_SWSTART_Values<ADC1::CR2, (unsigned int)30, (unsigned int)1, ReadWriteMode, ADC1::ADC1CR2Base>, ADC1::ADC1CR2Base, (unsigned int)1>::Set<ReadWriteMode, void>()
                         0x800'3985   0x10  Code  Gb  startup.o [1]
void FieldValueBase<ADC1_SMPR1_SMPx_x_Values<ADC1::SMPR2, (unsigned int)0, (unsigned int)3, ReadWriteMode, ADC1::ADC1SMPR1Base>, ADC1::ADC1SMPR1Base, (unsigned int)6>::Set<ReadWriteMode, void>()
                         0x800'38f9   0x14  Code  Gb  startup.o [1]
void FieldValueBase<ADC1_SMPR1_SMPx_x_Values<ADC1::SMPR2, (unsigned int)3, (unsigned int)3, ReadWriteMode, ADC1::ADC1SMPR1Base>, ADC1::ADC1SMPR1Base, (unsigned int)6>::Set<ReadWriteMode, void>()
                         0x800'390d   0x14  Code  Gb  startup.o [1]
void FieldValueBase<ADC1_SQR1_L_Values<ADC1::SQR1, (unsigned int)20, (unsigned int)4, ReadWriteMode, ADC1::ADC1SQR1Base>, ADC1::ADC1SQR1Base, (unsigned int)1>::Set<ReadWriteMode, void>()
                         0x800'38c1   0x14  Code  Gb  startup.o [1]
void FieldValueBase<ADC1_SQR3_SQ1_Values<ADC1::SQR3, (unsigned int)0, (unsigned int)5, ReadWriteMode, ADC1::ADC1SQR3Base>, ADC1::ADC1SQR3Base, (unsigned int)16>::Set<ReadWriteMode, void>()
                         0x800'38d5   0x14  Code  Gb  startup.o [1]
void FieldValueBase<ADC1_SQR3_SQ1_Values<ADC1::SQR3, (unsigned int)0, (unsigned int)5, ReadWriteMode, ADC1::ADC1SQR3Base>, ADC1::ADC1SQR3Base, (unsigned int)17>::Set<ReadWriteMode, void>()
                         0x800'3971   0x14  Code  Gb  startup.o [1]
void FieldValueBase<ADC1_SQR3_SQ2_Values<ADC1::SQR3, (unsigned int)5, (unsigned int)5, ReadWriteMode, ADC1::ADC1SQR3Base>, ADC1::ADC1SQR3Base, (unsigned int)0>::Set<ReadWriteMode, void>()
                         0x800'38e9   0x10  Code  Gb  startup.o [1]
void FieldValueBase<ADC_Common_CCR_TSVREFE_Values<ADC_Common::CCR, (unsigned int)23, (unsigned int)1, ReadWriteMode, ADC_Common::ADC_CommonCCRBase>, ADC_Common::ADC_CommonCCRBase, (unsigned int)1>::Set<ReadWriteMode, void>()
                         0x800'3921   0x10  Code  Gb  startup.o [1]
void FieldValueBase<GPIOA_AFRL_AFRL7_Values<GPIOA::AFRL, (unsigned int)12, (unsigned int)4, ReadWriteMode, GPIOA::GPIOAAFRLBase>, GPIOA::GPIOAAFRLBase, (unsigned int)7>::Set<ReadWriteMode, void>()
                         0x800'3675   0x14  Code  Gb  main.o [1]
void FieldValueBase<GPIOA_AFRL_AFRL7_Values<GPIOA::AFRL, (unsigned int)8, (unsigned int)4, ReadWriteMode, GPIOA::GPIOAAFRLBase>, GPIOA::GPIOAAFRLBase, (unsigned int)7>::Set<ReadWriteMode, void>()
                         0x800'3689   0x14  Code  Gb  main.o [1]
void FieldValueBase<GPIOA_MODER_MODER15_Values<GPIOA::MODER, (unsigned int)0, (unsigned int)2, ReadWriteMode, GPIOA::GPIOAMODERBase>, GPIOA::GPIOAMODERBase, (unsigned int)3>::Set<ReadWriteMode, void>()
                         0x800'3931   0x10  Code  Gb  startup.o [1]
void FieldValueBase<GPIOA_MODER_MODER15_Values<GPIOA::MODER, (unsigned int)4, (unsigned int)2, ReadWriteMode, GPIOA::GPIOAMODERBase>, GPIOA::GPIOAMODERBase, (unsigned int)2>::Set<ReadWriteMode, void>()
                         0x800'3661   0x14  Code  Gb  main.o [1]
void FieldValueBase<GPIOA_MODER_MODER15_Values<GPIOA::MODER, (unsigned int)6, (unsigned int)2, ReadWriteMode, GPIOA::GPIOAMODERBase>, GPIOA::GPIOAMODERBase, (unsigned int)2>::Set<ReadWriteMode, void>()
                         0x800'364d   0x14  Code  Gb  main.o [1]
void FieldValueBase<GPIOA_PUPDR_PUPDR15_Values<GPIOA::PUPDR, (unsigned int)4, (unsigned int)2, ReadWriteMode, GPIOA::GPIOAPUPDRBase>, GPIOA::GPIOAPUPDRBase, (unsigned int)0>::Set<ReadWriteMode, void>()
                         0x800'369d   0x10  Code  Gb  main.o [1]
void FieldValueBase<GPIOA_PUPDR_PUPDR15_Values<GPIOA::PUPDR, (unsigned int)6, (unsigned int)2, ReadWriteMode, GPIOA::GPIOAPUPDRBase>, GPIOA::GPIOAPUPDRBase, (unsigned int)1>::Set<ReadWriteMode, void>()
                         0x800'36ad   0x14  Code  Gb  main.o [1]
void FieldValueBase<RCC_AHB1ENR_DMA2EN_Values<RCC::APB1ENR, (unsigned int)0, (unsigned int)1, ReadWriteMode, RCC::RCCAPB1ENRBase>, RCC::RCCAPB1ENRBase, (unsigned int)1>::Set<ReadWriteMode, void>()
                         0x800'460d   0x10  Code  Gb  startup.o [1]
void FieldValueBase<RCC_AHB1ENR_DMA2EN_Values<RCC::APB1ENR, (unsigned int)17, (unsigned int)1, ReadWriteMode, RCC::RCCAPB1ENRBase>, RCC::RCCAPB1ENRBase, (unsigned int)1>::Set<ReadWriteMode, void>()
                         0x800'363d   0x10  Code  Gb  main.o [1]
void FieldValueBase<RCC_AHB1ENR_DMA2EN_Values<RCC::APB2ENR, (unsigned int)8, (unsigned int)1, ReadWriteMode, RCC::RCCAPB2ENRBase>, RCC::RCCAPB2ENRBase, (unsigned int)1>::Set<ReadWriteMode, void>()
                         0x800'3871   0x10  Code  Gb  startup.o [1]
void FieldValueBase<RCC_AHB1ENR_GPIOAEN_Values<RCC::AHB1ENR, (unsigned int)0, (unsigned int)1, ReadWriteMode, RCC::RCCAHB1ENRBase>, RCC::RCCAHB1ENRBase, (unsigned int)1>::Set<ReadWriteMode, void>()
                         0x800'362d   0x10  Code  Gb  startup.o [1]
void FieldValueBase<RCC_AHB1ENR_GPIOCEN_Values<RCC::AHB1ENR, (unsigned int)2, (unsigned int)1, ReadWriteMode, RCC::RCCAHB1ENRBase>, RCC::RCCAHB1ENRBase, (unsigned int)1>::Set<ReadWriteMode, void>()
                         0x800'47a5   0x10  Code  Gb  startup.o [1]
void FieldValueBase<TIM2_CR1_CEN_Values<TIM2::CR1, (unsigned int)0, (unsigned int)1, ReadWriteMode, TIM2::TIM2CR1Base>, TIM2::TIM2CR1Base, (unsigned int)1>::Set<ReadWriteMode, void>()
                         0x800'47e5    0xe  Code  Gb  startup.o [1]
void FieldValueBase<TIM2_CR1_URS_Values<TIM2::CR1, (unsigned int)2, (unsigned int)1, ReadWriteMode, TIM2::TIM2CR1Base>, TIM2::TIM2CR1Base, (unsigned int)1>::Set<ReadWriteMode, void>()
                         0x800'461d    0xe  Code  Gb  startup.o [1]
void FieldValueBase<TIM2_DIER_UIE_Values<TIM2::DIER, (unsigned int)0, (unsigned int)1, ReadWriteMode, TIM2::TIM2DIERBase>, TIM2::TIM2DIERBase, (unsigned int)1>::Set<ReadWriteMode, void>()
                         0x800'4645   0x10  Code  Gb  startup.o [1]
void FieldValueBase<TIM2_SR_UIF_Values<TIM2::SR, (unsigned int)0, (unsigned int)1, ReadWriteMode, TIM2::TIM2SRBase>, TIM2::TIM2SRBase, (unsigned int)0>::Set<ReadWriteMode, void>()
                         0x800'45d1   0x10  Code  Gb  startup.o [1]
void FieldValueBase<USART2_CR1_M_Values<USART2::CR1, (unsigned int)12, (unsigned int)1, ReadWriteMode, USART2::USART2CR1Base>, USART2::USART2CR1Base, (unsigned int)0>::Set<ReadWriteMode, void>()
                         0x800'36d1   0x10  Code  Gb  main.o [1]
void FieldValueBase<USART2_CR1_OVER8_Values<USART2::CR1, (unsigned int)15, (unsigned int)1, ReadWriteMode, USART2::USART2CR1Base>, USART2::USART2CR1Base, (unsigned int)0>::Set<ReadWriteMode, void>()
                         0x800'36c1   0x10  Code  Gb  main.o [1]
void FieldValueBase<USART2_CR1_PCE_Values<USART2::CR1, (unsigned int)10, (unsigned int)1, ReadWriteMode, USART2::USART2CR1Base>, USART2::USART2CR1Base, (unsigned int)0>::Set<ReadWriteMode, void>()
                         0x800'36f1   0x10  Code  Gb  main.o [1]
void FieldValueBase<USART2_CR1_RE_Values<USART2::CR1, (unsigned int)2, (unsigned int)1, ReadWriteMode, USART2::USART2CR1Base>, USART2::USART2CR1Base, (unsigned int)1>::Set<ReadWriteMode, void>()
                         0x800'3701   0x10  Code  Gb  main.o [1]
void FieldValueBase<USART2_CR1_RXNEIE_Values<USART2::CR1, (unsigned int)5, (unsigned int)1, ReadWriteMode, USART2::USART2CR1Base>, USART2::USART2CR1Base, (unsigned int)1>::Set<ReadWriteMode, void>()
                         0x800'371d   0x10  Code  Gb  main.o [1]
void FieldValueBase<USART2_CR1_TE_Values<USART2::CR1, (unsigned int)3, (unsigned int)1, ReadWriteMode, USART2::USART2CR1Base>, USART2::USART2CR1Base, (unsigned int)0>::Set<ReadWriteMode, void>()
                         0x800'4079   0x10  Code  Gb  startup.o [1]
void FieldValueBase<USART2_CR1_TE_Values<USART2::CR1, (unsigned int)3, (unsigned int)1, ReadWriteMode, USART2::USART2CR1Base>, USART2::USART2CR1Base, (unsigned int)1>::Set<ReadWriteMode, void>()
                         0x800'403d   0x10  Code  Gb  startup.o [1]
void FieldValueBase<USART2_CR1_TXEIE_Values<USART2::CR1, (unsigned int)7, (unsigned int)1, ReadWriteMode, USART2::USART2CR1Base>, USART2::USART2CR1Base, (unsigned int)0>::Set<ReadWriteMode, void>()
                         0x800'4089   0x10  Code  Gb  startup.o [1]
void FieldValueBase<USART2_CR1_TXEIE_Values<USART2::CR1, (unsigned int)7, (unsigned int)1, ReadWriteMode, USART2::USART2CR1Base>, USART2::USART2CR1Base, (unsigned int)1>::Set<ReadWriteMode, void>()
                         0x800'404d   0x10  Code  Gb  startup.o [1]
void FieldValueBase<USART2_CR1_UE_Values<USART2::CR1, (unsigned int)13, (unsigned int)1, ReadWriteMode, USART2::USART2CR1Base>, USART2::USART2CR1Base, (unsigned int)1>::Set<ReadWriteMode, void>()
                         0x800'383d   0x10  Code  Gb  main.o [1]
void FieldValueBase<USART2_CR2_STOP_Values<USART2::CR2, (unsigned int)12, (unsigned int)2, ReadWriteMode, USART2::USART2CR2Base>, USART2::USART2CR2Base, (unsigned int)0>::Set<ReadWriteMode, void>()
                         0x800'36e1   0x10  Code  Gb  main.o [1]
void RegisterBase<(unsigned int)1073741860, (unsigned int)32, ReadWriteMode>::Write<ReadWriteMode, void>(unsigned int)
                         0x800'4655    0xc  Code  Gb  startup.o [1]
void RegisterBase<(unsigned int)1073741864, (unsigned int)32, ReadWriteMode>::Write<ReadWriteMode, void>(unsigned int)
                         0x800'4639    0xc  Code  Gb  startup.o [1]
void RegisterBase<(unsigned int)1073741868, (unsigned int)32, ReadWriteMode>::Write<ReadWriteMode, void>(unsigned int)
                         0x800'462d    0xc  Code  Gb  startup.o [1]
void RegisterBase<(unsigned int)1073759236, (unsigned int)32, ReadWriteMode>::Write<ReadWriteMode, void>(unsigned int)
                         0x800'405d    0xc  Code  Gb  startup.o [1]
void RegisterBase<(unsigned int)1073872896, (unsigned int)32, ReadWriteMode>::Write<ReadWriteMode, void>(unsigned int)
                         0x800'4579    0xc  Code  Gb  startup.o [1]
void RegisterBase<(unsigned int)1073872920, (unsigned int)32, WriteMode>::Write<WriteMode, void>(unsigned int)
                         0x800'481d    0xc  Code  Gb  startup.o [1]
void RegisterBase<(unsigned int)1073874944, (unsigned int)32, ReadWriteMode>::Write<ReadWriteMode, void>(unsigned int)
                         0x800'4535    0xc  Code  Gb  startup.o [1]
void RegisterBase<(unsigned int)1073874968, (unsigned int)32, WriteMode>::Write<WriteMode, void>(unsigned int)
                         0x800'4801    0xc  Code  Gb  startup.o [1]
void RegisterBase<(unsigned int)3758153984, (unsigned int)32, ReadWriteMode>::Write<ReadWriteMode, void>(unsigned int)
                         0x800'3771    0xc  Code  Gb  main.o [1]
void RegisterBase<(unsigned int)3758153988, (unsigned int)32, ReadWriteMode>::Write<ReadWriteMode, void>(unsigned int)
                         0x800'3711    0xc  Code  Gb  main.o [1]
void RegisterField<ADC1::SQR3, (unsigned int)0, (unsigned int)5, ReadWriteMode, void>::Set<ReadWriteMode, void>(unsigned int)
                         0x800'39b1   0x30  Code  Gb  startup.o [1]
void RegisterField<ADC1::SQR3, (unsigned int)0, (unsigned int)5, ReadWriteMode, void>::Set<ReadWriteMode, void>(unsigned int)::string
                         0x800'4134   0x9c  Data  Gb  startup.o [1]
void RegisterField<ADC1::SQR3, (unsigned int)0, (unsigned int)5, ReadWriteMode, void>::Set<ReadWriteMode, void>(unsigned int)::string (instance 2)
                         0x800'4388   0x68  Data  Gb  startup.o [1]
void RegisterField<USART2::BRR, (unsigned int)4, (unsigned int)12, ReadWriteMode, void>::Set<ReadWriteMode, void>(unsigned int)
                         0x800'373d   0x34  Code  Gb  main.o [1]
void RegisterField<USART2::BRR, (unsigned int)4, (unsigned int)12, ReadWriteMode, void>::Set<ReadWriteMode, void>(unsigned int)::string
                         0x800'4098   0x9c  Data  Gb  main.o [1]
void RegisterField<USART2::BRR, (unsigned int)4, (unsigned int)12, ReadWriteMode, void>::Set<ReadWriteMode, void>(unsigned int)::string (instance 2)
                         0x800'4320   0x68  Data  Gb  main.o [1]


[1] = C:\Users\Николаос\Documents\MyIARprojects\Kprojet9\Debug\Obj
[2] = dl7M_tln.a
[3] = dlpp7M_tl_nc.a
[4] = m7M_tls.a
[5] = rt7M_tl.a
[6] = shb_l.a

  17'455 bytes of readonly  code memory
   1'224 bytes of readonly  data memory
  17'921 bytes of readwrite data memory

Errors: none
Warnings: none
